[onestep.html.themeplayers.net/ballet/onepager.html]
[backblue.gif]
[fade.gif]
[index.html]
[onestep.html.themeplayers.net/ballet/favicon.png]
[onestep.html.themeplayers.net/ballet/assets/css/bootstrap.css]
[onestep.html.themeplayers.net/ballet/assets/css/style.css]
[onestep.html.themeplayers.net/ballet/assets/images/demo-content/one-step-logo.png]
[onestep.html.themeplayers.net/ballet/assets/images/demo-content/coursesBox-3.jpg]
[onestep.html.themeplayers.net/ballet/assets/images/demo-content/coursesBox-2.jpg]
[onestep.html.themeplayers.net/ballet/assets/images/demo-content/pattern3.jpg]
[onestep.html.themeplayers.net/ballet/assets/images/demo-content/image1.png]
[onestep.html.themeplayers.net/ballet/assets/images/demo-content/ipad-img2.jpg]
[onestep.html.themeplayers.net/ballet/assets/images/demo-content/ipad-img4.jpg]
[onestep.html.themeplayers.net/ballet/assets/images/demo-content/wallhaven-113665.jpg]
[onestep.html.themeplayers.net/ballet/assets/images/demo-content/roundedGallery-person1.png]
[onestep.html.themeplayers.net/ballet/assets/images/demo-content/46e7a3321e16c34e8d4b44f248df4a32.jpg]
[onestep.html.themeplayers.net/ballet/assets/images/demo-content/roundedGallery-person2.png]
[onestep.html.themeplayers.net/ballet/assets/images/demo-content/32e54468767ce97dfbc99ddf03d3a983.jpg]
[onestep.html.themeplayers.net/ballet/assets/images/demo-content/roundedGallery-person3.png]
[onestep.html.themeplayers.net/ballet/assets/images/demo-content/wallhaven-86108.jpg]
[onestep.html.themeplayers.net/ballet/assets/images/demo-content/roundedGallery-person4.png]
[onestep.html.themeplayers.net/ballet/assets/images/demo-content/wallhaven-93028.jpg]
[onestep.html.themeplayers.net/ballet/assets/images/demo-content/roundedGallery-person5.png]
[onestep.html.themeplayers.net/ballet/assets/images/demo-content/wallhaven-119023.jpg]
[onestep.html.themeplayers.net/ballet/assets/images/demo-content/roundedGallery-person6.png]
[onestep.html.themeplayers.net/ballet/assets/images/demo-content/3ac547676d5d3dbb8b2be73e2d214acc.jpg]
[onestep.html.themeplayers.net/ballet/assets/images/demo-content/roundedGallery-person7.png]
[onestep.html.themeplayers.net/ballet/assets/images/demo-content/roundedGallery-person8-huge.png]
[onestep.html.themeplayers.net/ballet/assets/images/demo-content/roundedGallery-person8.png]
[onestep.html.themeplayers.net/ballet/assets/images/demo-content/person1.jpg]
[onestep.html.themeplayers.net/ballet/assets/images/demo-content/person3.jpg]
[onestep.html.themeplayers.net/ballet/assets/images/demo-content/person4.jpg]
[onestep.html.themeplayers.net/ballet/assets/images/demo-content/person5-photoGallery.jpg]
[onestep.html.themeplayers.net/ballet/assets/images/demo-content/person7.jpg]
[onestep.html.themeplayers.net/ballet/assets/images/demo-content/person9.jpg]
[onestep.html.themeplayers.net/ballet/assets/images/demo-content/person11.jpg]
[onestep.html.themeplayers.net/ballet/assets/images/demo-content/person13.jpg]
[onestep.html.themeplayers.net/ballet/assets/images/demo-content/person15.jpg]
[onestep.html.themeplayers.net/ballet/assets/images/demo-content/person1-medium.jpg]
[onestep.html.themeplayers.net/ballet/assets/images/demo-content/person3-medium.jpg]
[onestep.html.themeplayers.net/ballet/assets/images/demo-content/person5-medium.jpg]
[onestep.html.themeplayers.net/ballet/assets/images/demo-content/person6-medium.jpg]
[onestep.html.themeplayers.net/ballet/assets/images/demo-content/person8-medium.jpg]
[onestep.html.themeplayers.net/ballet/assets/images/demo-content/person10-medium.jpg]
[onestep.html.themeplayers.net/ballet/assets/images/demo-content/person12-medium.jpg]
[onestep.html.themeplayers.net/ballet/assets/images/demo-content/person14-medium.jpg]
[onestep.html.themeplayers.net/ballet/assets/images/demo-content/person16-medium.jpg]
[onestep.html.themeplayers.net/ballet/assets/images/demo-content/blog-demo-2a.png]
[onestep.html.themeplayers.net/ballet/assets/js/main.js]
[onestep.html.themeplayers.net/ballet/assets/plugins/ct-onepager/jquery.pagescroller.lite.js]
[onestep.html.themeplayers.net/ballet/assets/plugins/ct-onepager/init.js]
[onestep.html.themeplayers.net/ballet/assets/plugins/ct-mediaSection/js/jquery.stellar.min.js]
[onestep.html.themeplayers.net/ballet/assets/plugins/ct-mediaSection/js/init.js]
[onestep.html.themeplayers.net/ballet/assets/plugins/ct-mainMenu/headroom.js]
[onestep.html.themeplayers.net/ballet/assets/plugins/ct-mainMenu/jQuery.headroom.js]
[onestep.html.themeplayers.net/ballet/assets/plugins/ct-mainMenu/init.js]
[onestep.html.themeplayers.net/ballet/assets/plugins/owl/init.js]
[onestep.html.themeplayers.net/ballet/assets/plugins/owl/owl.carousel.min.js]
[onestep.html.themeplayers.net/ballet/assets/plugins/magnificPopup/init.js]
[onestep.html.themeplayers.net/ballet/assets/plugins/grayscale-jQuery/jquery.gray.js]
[onestep.html.themeplayers.net/ballet/assets/plugins/gmaps/gmap3.min.js]
[onestep.html.themeplayers.net/ballet/assets/plugins/magnificPopup/jquery.magnific-popup.js]
[onestep.html.themeplayers.net/ballet/assets/plugins/gmaps/init.js]
[onestep.html.themeplayers.net/ballet/assets/form/js/contact-form.js]
[onestep.html.themeplayers.net/ballet/assets/images/bg_pattern_02.jpg]
[onestep.html.themeplayers.net/ballet/assets/js/less.min.js]
[onestep.html.themeplayers.net/ballet/assets/images/bg_pattern_10.jpg]
[onestep.html.themeplayers.net/ballet/assets/images/bg_pattern_05.jpg]
[onestep.html.themeplayers.net/ballet/assets/images/bg_pattern_07.jpg]
[onestep.html.themeplayers.net/ballet/assets/images/bg_pattern_11.jpg]
[onestep.html.themeplayers.net/ballet/onepager.html]
[onestep.html.themeplayers.net/ballet/assets/bootstrap/fonts/glyphicons-halflings-regular.eot]
[onestep.html.themeplayers.net/ballet/assets/bootstrap/fonts/glyphicons-halflings-regular.woff]
[onestep.html.themeplayers.net/ballet/assets/bootstrap/fonts/glyphicons-halflings-regulard41d.eot]
[onestep.html.themeplayers.net/ballet/assets/css/bootstrap.css]
[onestep.html.themeplayers.net/ballet/assets/fonts/fontawesome/fonts/fontawesome-webfont78ce.eot]
[onestep.html.themeplayers.net/ballet/assets/fonts/fontawesome/fonts/fontawesome-webfontd41d.eot]
[onestep.html.themeplayers.net/ballet/assets/fonts/fontawesome/fonts/fontawesome-webfont78ce.woff]
[onestep.html.themeplayers.net/ballet/assets/images/demo-content/leftArrow-personCarousel.png]
[onestep.html.themeplayers.net/ballet/assets/images/demo-content/rightArrow-personCarousel.png]
[onestep.html.themeplayers.net/ballet/assets/plugins/owl/AjaxLoader.gif]
[onestep.html.themeplayers.net/ballet/assets/images/demo-content/slider-arrow-right.png]
[onestep.html.themeplayers.net/ballet/assets/images/demo-content/ipad.png]
[onestep.html.themeplayers.net/ballet/assets/images/demo-content/owl-ipad-button.png]
[onestep.html.themeplayers.net/ballet/assets/images/demo-content/owl-pattern1.png]
[onestep.html.themeplayers.net/ballet/assets/images/demo-content/arrow-footer.png]
[onestep.html.themeplayers.net/ballet/assets/images/demo-content/carousel-nav-arrowRight-light.png]
[onestep.html.themeplayers.net/ballet/assets/images/bg_pattern_01.jpg]
[onestep.html.themeplayers.net/ballet/assets/images/bg_pattern_03.jpg]
[onestep.html.themeplayers.net/ballet/assets/images/bg_pattern_06.jpg]
[onestep.html.themeplayers.net/ballet/assets/images/bg_pattern_12.jpg]
[onestep.html.themeplayers.net/ballet/assets/images/demo-content/videoHolder.png]
[onestep.html.themeplayers.net/ballet/assets/images/demo-content/arrowSmall-universal.png]
[onestep.html.themeplayers.net/ballet/assets/css/style.css]
[onestep.html.themeplayers.net/ballet/index.html]
[onestep.html.themeplayers.net/ballet/assets/js/modernizr.custom.js]
[onestep.html.themeplayers.net/ballet/assets/images/demo-content/coursesBox-1.jpg]
[onestep.html.themeplayers.net/ballet/assets/images/demo-content/ipad-img1.png]
[onestep.html.themeplayers.net/ballet/assets/images/demo-content/person2.jpg]
[onestep.html.themeplayers.net/ballet/assets/images/demo-content/person6.jpg]
[onestep.html.themeplayers.net/ballet/assets/images/demo-content/person12.jpg]
[onestep.html.themeplayers.net/ballet/assets/images/demo-content/person14.jpg]
[onestep.html.themeplayers.net/ballet/assets/images/demo-content/person16.jpg]
[onestep.html.themeplayers.net/ballet/assets/images/demo-content/person7-medium.jpg]
[onestep.html.themeplayers.net/ballet/assets/images/demo-content/person9-medium.jpg]
[onestep.html.themeplayers.net/ballet/assets/images/demo-content/person13-medium.jpg]
[onestep.html.themeplayers.net/ballet/assets/images/demo-content/blog-demo-1a.png]
[onestep.html.themeplayers.net/demo/js/demo.js]
[onestep.html.themeplayers.net/ballet/assets/images/bg_pattern_09.jpg]
[onestep.html.themeplayers.net/ballet/assets/bootstrap/fonts/glyphicons-halflings-regular.html]
[onestep.html.themeplayers.net/ballet/assets/bootstrap/fonts/glyphicons-halflings-regular.svg]
[onestep.html.themeplayers.net/ballet/assets/fonts/fontawesome/fonts/fontawesome-webfont78ce.html]
[onestep.html.themeplayers.net/ballet/assets/fonts/fontawesome/fonts/fontawesome-webfont78ce.svg]
[onestep.html.themeplayers.net/ballet/assets/images/demo-content/slider-arrow-left.png]
[onestep.html.themeplayers.net/ballet/assets/images/demo-content/select2.png]
[onestep.html.themeplayers.net/ballet/assets/images/demo-content/light-arrow.png]
[onestep.html.themeplayers.net/ballet/assets/images/bg_pattern_08.jpg]
[onestep.html.themeplayers.net/ballet/assets/images/demo-content/carousel-nav-arrowLeft-light.png]
[onestep.html.themeplayers.net/ballet/index-parallax.html]
[onestep.html.themeplayers.net/ballet/index-video.html]
[onestep.html.themeplayers.net/ballet/staff.html]
[onestep.html.themeplayers.net/ballet/staff-single-member.html]
[onestep.html.themeplayers.net/ballet/classes-by-technique.html]
[onestep.html.themeplayers.net/ballet/classes-by-instructor-selected.html]
[onestep.html.themeplayers.net/ballet/gallery.html]
[onestep.html.themeplayers.net/ballet/upcoming-performance.html]
[onestep.html.themeplayers.net/ballet/registertoauditions.html]
[onestep.html.themeplayers.net/ballet/testimonials.html]
[onestep.html.themeplayers.net/ballet/faq.html]
[onestep.html.themeplayers.net/ballet/404.html]
[onestep.html.themeplayers.net/ballet/index-kenburns.html]
[onestep.html.themeplayers.net/ballet/workwithus.html]
[onestep.html.themeplayers.net/ballet/shop-single-product.html]
[onestep.html.themeplayers.net/ballet/shop.html]
[onestep.html.themeplayers.net/ballet/features-grid.html]
[onestep.html.themeplayers.net/ballet/features-buttons.html]
[onestep.html.themeplayers.net/ballet/features-forms.html]
[onestep.html.themeplayers.net/ballet/features-tables.html]
[onestep.html.themeplayers.net/ballet/features-typography.html]
[onestep.html.themeplayers.net/ballet/features-p-tables.html]
[onestep.html.themeplayers.net/ballet/features-iconboxes.html]
[onestep.html.themeplayers.net/ballet/features-personboxes.html]
[onestep.html.themeplayers.net/ballet/features-counters.html]
[onestep.html.themeplayers.net/ballet/features-p-bars.html]
[onestep.html.themeplayers.net/ballet/features-p-icons.html]
[onestep.html.themeplayers.net/ballet/features-lists2.html]
[onestep.html.themeplayers.net/ballet/features-lists.html]
[onestep.html.themeplayers.net/ballet/features-toggable.html]
[onestep.html.themeplayers.net/ballet/features-m-sections.html]
[onestep.html.themeplayers.net/ballet/features-charts.html]
[onestep.html.themeplayers.net/ballet/features-developers.html]
[onestep.html.themeplayers.net/ballet/blog-left-sideBar.html]
[onestep.html.themeplayers.net/ballet/blog-right-sideBar.html]
[onestep.html.themeplayers.net/ballet/aboutus.html]
[onestep.html.themeplayers.net/ballet/features-headers.html]
[onestep.html.themeplayers.net/ballet/blog-single.html]
[onestep.html.themeplayers.net/ballet/assets/images/demo-content/createit.png]
[onestep.html.themeplayers.net/ballet/index.html]
[onestep.html.themeplayers.net/ballet/assets/images/demo-content/person10.jpg]
[onestep.html.themeplayers.net/ballet/assets/images/demo-content/person8.jpg]
[onestep.html.themeplayers.net/ballet/assets/images/demo-content/ipad-img3.jpg]
[onestep.html.themeplayers.net/ballet/contact-us.html]
[onestep.html.themeplayers.net/ballet/assets/images/demo-content/person2-medium.jpg]
[onestep.html.themeplayers.net/ballet/assets/images/demo-content/person4-medium.jpg]
[onestep.html.themeplayers.net/ballet/assets/images/demo-content/person11-medium.jpg]
[onestep.html.themeplayers.net/ballet/assets/js/externals.min.js]
[onestep.html.themeplayers.net/ballet/assets/images/demo-content/owl-ipad-button-play.png]
[onestep.html.themeplayers.net/ballet/assets/images/bg_pattern_04.jpg]
[onestep.html.themeplayers.net/ballet/index-parallax.html]
[onestep.html.themeplayers.net/ballet/assets/images/demo-content/wallhaven-118978.jpg]
[onestep.html.themeplayers.net/ballet/index-kenburns.html]
[onestep.html.themeplayers.net/ballet/index-video.html]
[onestep.html.themeplayers.net/ballet/assets/images/demo-content/personBox0.jpg]
[onestep.html.themeplayers.net/ballet/assets/images/demo-content/personBox2.jpg]
[onestep.html.themeplayers.net/ballet/assets/images/demo-content/personBox3.jpg]
[onestep.html.themeplayers.net/ballet/assets/images/demo-content/personBox4.jpg]
[onestep.html.themeplayers.net/ballet/assets/images/demo-content/personBox5.jpg]
[onestep.html.themeplayers.net/ballet/assets/images/demo-content/personBox10.jpg]
[onestep.html.themeplayers.net/ballet/assets/images/demo-content/personBox6.jpg]
[onestep.html.themeplayers.net/ballet/assets/images/demo-content/personBox11.jpg]
[onestep.html.themeplayers.net/ballet/assets/images/demo-content/personBox7.jpg]
[onestep.html.themeplayers.net/ballet/assets/images/demo-content/personBox12.jpg]
[onestep.html.themeplayers.net/ballet/assets/images/demo-content/personBox8.jpg]
[onestep.html.themeplayers.net/ballet/assets/images/demo-content/personBox13.jpg]
[onestep.html.themeplayers.net/ballet/assets/images/demo-content/personBox9.jpg]
[onestep.html.themeplayers.net/ballet/assets/images/demo-content/personBox14.jpg]
[onestep.html.themeplayers.net/ballet/staff.html]
[onestep.html.themeplayers.net/ballet/assets/images/demo-content/personBox-primary1.jpg]
[onestep.html.themeplayers.net/ballet/staff-single-member.html]
[onestep.html.themeplayers.net/ballet/assets/images/demo-content/imagebox-type2-6.jpg]
[onestep.html.themeplayers.net/ballet/assets/images/demo-content/imagebox-type2-7.jpg]
[onestep.html.themeplayers.net/ballet/assets/images/demo-content/imagebox-type2-8.jpg]
[onestep.html.themeplayers.net/ballet/assets/images/demo-content/imagebox-type2-9.jpg]
[onestep.html.themeplayers.net/ballet/assets/images/demo-content/imagebox-type2-11.jpg]
[onestep.html.themeplayers.net/ballet/assets/images/demo-content/imagebox-type2-10.jpg]
[onestep.html.themeplayers.net/ballet/assets/images/demo-content/imagebox-type2-1.jpg]
[onestep.html.themeplayers.net/ballet/assets/images/demo-content/imagebox-type2-2.jpg]
[onestep.html.themeplayers.net/ballet/assets/images/demo-content/imagebox-type2-3.jpg]
[onestep.html.themeplayers.net/ballet/assets/images/demo-content/imagebox-type2-4.jpg]
[onestep.html.themeplayers.net/ballet/assets/images/demo-content/imagebox-type2-5.jpg]
[onestep.html.themeplayers.net/ballet/classes-by-technique.html]
[onestep.html.themeplayers.net/ballet/assets/images/demo-content/gallery-sync-1.jpg]
[onestep.html.themeplayers.net/ballet/assets/images/demo-content/gallery-sync-2.jpg]
[onestep.html.themeplayers.net/ballet/assets/images/demo-content/gallery-sync-3.jpg]
[onestep.html.themeplayers.net/ballet/assets/images/demo-content/gallery-sync-5.jpg]
[onestep.html.themeplayers.net/ballet/assets/images/demo-content/gallery-sync-6.jpg]
[onestep.html.themeplayers.net/ballet/assets/images/demo-content/gallery-sync-7.jpg]
[onestep.html.themeplayers.net/ballet/assets/images/demo-content/gallery-sync-8.jpg]
[onestep.html.themeplayers.net/ballet/assets/images/demo-content/gallery-sync-9.jpg]
[onestep.html.themeplayers.net/ballet/assets/images/demo-content/gallery-sync-thumb-1.jpg]
[onestep.html.themeplayers.net/ballet/assets/images/demo-content/gallery-sync-thumb-2.jpg]
[onestep.html.themeplayers.net/ballet/assets/images/demo-content/gallery-sync-thumb-3.jpg]
[onestep.html.themeplayers.net/ballet/assets/images/demo-content/gallery-sync-thumb-4.jpg]
[onestep.html.themeplayers.net/ballet/assets/images/demo-content/gallery-sync-thumb-5.jpg]
[onestep.html.themeplayers.net/ballet/assets/images/demo-content/gallery-sync-thumb-6.jpg]
[onestep.html.themeplayers.net/ballet/assets/images/demo-content/gallery-sync-thumb-7.jpg]
[onestep.html.themeplayers.net/ballet/assets/images/demo-content/gallery-sync-thumb-8.jpg]
[onestep.html.themeplayers.net/ballet/assets/images/demo-content/gallery-sync-thumb-9.jpg]
[onestep.html.themeplayers.net/ballet/assets/plugins/owl/sync.js]
[onestep.html.themeplayers.net/ballet/classes-by-instructor-selected.html]
[onestep.html.themeplayers.net/ballet/assets/images/demo-content/gallery1.jpg]
[onestep.html.themeplayers.net/ballet/assets/images/demo-content/gallery2.jpg]
[onestep.html.themeplayers.net/ballet/assets/images/demo-content/gallery3.jpg]
[onestep.html.themeplayers.net/ballet/assets/images/demo-content/gallery4.jpg]
[onestep.html.themeplayers.net/ballet/assets/images/demo-content/gallery5.jpg]
[onestep.html.themeplayers.net/ballet/assets/images/demo-content/gallery6.jpg]
[onestep.html.themeplayers.net/ballet/assets/images/demo-content/gallery7.jpg]
[onestep.html.themeplayers.net/ballet/assets/images/demo-content/gallery8.jpg]
[onestep.html.themeplayers.net/ballet/assets/images/demo-content/gallery9.jpg]
[onestep.html.themeplayers.net/ballet/assets/images/demo-content/gallery10.jpg]
[onestep.html.themeplayers.net/ballet/assets/images/demo-content/gallery11.jpg]
[onestep.html.themeplayers.net/ballet/assets/images/demo-content/gallery12.jpg]
[onestep.html.themeplayers.net/ballet/assets/plugins/ct-portfolio/jquery.isotope.min.js]
[onestep.html.themeplayers.net/ballet/assets/plugins/ct-portfolio/imagesloaded.js]
[onestep.html.themeplayers.net/ballet/assets/plugins/ct-portfolio/init.js]
[onestep.html.themeplayers.net/ballet/gallery.html]
[onestep.html.themeplayers.net/ballet/assets/images/demo-content/testimonials1.jpg]
[onestep.html.themeplayers.net/ballet/assets/images/demo-content/testimonials2.jpg]
[onestep.html.themeplayers.net/ballet/assets/images/demo-content/testimonials3.jpg]
[onestep.html.themeplayers.net/ballet/testimonials.html]
[onestep.html.themeplayers.net/ballet/assets/plugins/ct-datepicker/bootstrap-date-picker.js]
[onestep.html.themeplayers.net/ballet/upcoming-performance.html]
[onestep.html.themeplayers.net/ballet/registertoauditions.html]
[onestep.html.themeplayers.net/ballet/faq.html]
[onestep.html.themeplayers.net/ballet/workwithus.html]
[onestep.html.themeplayers.net/ballet/404.html]
[onestep.html.themeplayers.net/ballet/assets/plugins/ct-datepicker/init.js]
[onestep.html.themeplayers.net/ballet/assets/images/demo-content/shop-list-1.png]
[onestep.html.themeplayers.net/ballet/assets/images/demo-content/shop-list-2.png]
[onestep.html.themeplayers.net/ballet/assets/images/demo-content/shop-list-3.jpg]
[onestep.html.themeplayers.net/ballet/assets/images/demo-content/shop-list-4.png]
[onestep.html.themeplayers.net/ballet/assets/images/demo-content/shop-list-5.png]
[onestep.html.themeplayers.net/ballet/assets/images/demo-content/shop-list-6.png]
[onestep.html.themeplayers.net/ballet/shop.html]
[onestep.html.themeplayers.net/ballet/assets/images/demo-content/product-zoom1.jpg]
[onestep.html.themeplayers.net/ballet/assets/images/demo-content/product1.jpg]
[onestep.html.themeplayers.net/ballet/assets/plugins/ct-select2/select2.js]
[onestep.html.themeplayers.net/ballet/assets/images/demo-content/product2.jpg]
[onestep.html.themeplayers.net/ballet/assets/images/demo-content/product3.jpg]
[onestep.html.themeplayers.net/ballet/assets/images/demo-content/product4.jpg]
[onestep.html.themeplayers.net/ballet/assets/images/demo-content/blog-single-4.jpg]
[onestep.html.themeplayers.net/ballet/assets/images/demo-content/blog-single-5.jpg]
[onestep.html.themeplayers.net/ballet/assets/images/demo-content/blog-single-6.jpg]
[onestep.html.themeplayers.net/ballet/shop-single-product.html]
[onestep.html.themeplayers.net/ballet/features-grid.html]
[onestep.html.themeplayers.net/ballet/features-typography.html]
[onestep.html.themeplayers.net/ballet/features-buttons.html]
[onestep.html.themeplayers.net/ballet/features-forms.html]
[onestep.html.themeplayers.net/ballet/features-tables.html]
[onestep.html.themeplayers.net/ballet/features-p-tables.html]
[onestep.html.themeplayers.net/ballet/features-iconboxes.html]
[onestep.html.themeplayers.net/ballet/features-personboxes.html]
[onestep.html.themeplayers.net/ballet/assets/plugins/ct-counters/jquery.countTo.js]
[onestep.html.themeplayers.net/ballet/assets/plugins/ct-counters/init.js]
[onestep.html.themeplayers.net/ballet/features-counters.html]
[onestep.html.themeplayers.net/ballet/features-toggable.html]
[onestep.html.themeplayers.net/ballet/features-p-bars.html]
[onestep.html.themeplayers.net/ballet/assets/plugins/ct-progressbars/init.js]
[onestep.html.themeplayers.net/ballet/features-p-icons.html]
[onestep.html.themeplayers.net/ballet/assets/plugins/ct-progressicons/init.js]
[onestep.html.themeplayers.net/ballet/features-lists.html]
[onestep.html.themeplayers.net/ballet/features-lists2.html]
[onestep.html.themeplayers.net/ballet/features-headers.html]
[onestep.html.themeplayers.net/ballet/features-charts.html]
[onestep.html.themeplayers.net/ballet/assets/plugins/ct-charts/init.js]
[onestep.html.themeplayers.net/ballet/assets/images/demo-content/blog-section-1a-optimized.jpg]
[onestep.html.themeplayers.net/ballet/features-m-sections.html]
[onestep.html.themeplayers.net/ballet/features-developers.html]
[onestep.html.themeplayers.net/ballet/assets/plugins/ct-charts/chart.min.js]
[onestep.html.themeplayers.net/ballet/assets/images/demo-content/leadership-1.jpg]
[onestep.html.themeplayers.net/ballet/assets/images/demo-content/leadership-2.jpg]
[onestep.html.themeplayers.net/ballet/assets/images/demo-content/person5.jpg]
[onestep.html.themeplayers.net/ballet/assets/images/demo-content/leadership-3.jpg]
[onestep.html.themeplayers.net/ballet/assets/twitter/js/jquery.tweet.js]
[onestep.html.themeplayers.net/ballet/aboutus.html]
[onestep.html.themeplayers.net/ballet/assets/images/demo-content/blog-md-1.jpg]
[maxcdn.bootstrapcdn.com/font-awesome/4.3.0/css/font-awesome.min.css]
[onestep.html.themeplayers.net/ballet/assets/images/demo-content/blog-md-2.jpg]
[onestep.html.themeplayers.net/ballet/assets/images/demo-content/blog-md-3.jpg]
[onestep.html.themeplayers.net/ballet/assets/images/demo-content/blog-md-4.jpg]
[onestep.html.themeplayers.net/ballet/assets/images/demo-content/blog-md-6.jpg]
[onestep.html.themeplayers.net/ballet/assets/images/demo-content/blog-sm-1.jpg]
[onestep.html.themeplayers.net/ballet/assets/images/demo-content/blog-sm-2.jpg]
[onestep.html.themeplayers.net/ballet/assets/images/demo-content/blog-sm-3.jpg]
[onestep.html.themeplayers.net/ballet/assets/images/demo-content/blog-sm-4.jpg]
[onestep.html.themeplayers.net/ballet/blog-left-sideBar.html]
[onestep.html.themeplayers.net/ballet/blog-right-sideBar.html]
[onestep.html.themeplayers.net/ballet/assets/images/demo-content/blog-single-1.jpg]
[onestep.html.themeplayers.net/ballet/assets/images/demo-content/blog-single-3.jpg]
[onestep.html.themeplayers.net/ballet/blog-single.html]
[onestep.html.themeplayers.net/ballet/contact-us.html]
[onestep.html.themeplayers.net/ballet/assets/images/demo-content/person15-medium.jpg]
[onestep.html.themeplayers.net/ballet/assets/plugins/owl/grabbing.png]
[onestep.html.themeplayers.net/ballet/assets/videos/index-video.mp4]
[maxcdn.bootstrapcdn.com/font-awesome/4.3.0/css/font-awesome.min.css]
